
Running 2 tests using 1 worker

>> GET http://localhost:5173/
<< [33m200[39m http://localhost:5173/
>> GET http://localhost:5173/logo/tiketbisa-white.png
>> GET http://localhost:5173/banner/KategoriEvent.svg
>> GET http://localhost:5173/banner/Homepage.svg
>> GET http://localhost:5173/logo/tiketbisa.png
>> GET https://ui-avatars.com/api/?name=E2E%20Brand%20mpnegrh2&background=random
>> GET https://ui-avatars.com/api/?name=E2E%20Brand%20mpnehvbo&background=random
>> GET https://ui-avatars.com/api/?name=E2E%20Brand%20mpnev4rf&background=random
>> GET http://localhost:5173/node_modules/.pnpm/@react-router+dev@7.12.0_@react-router+serve@7.12.0_react-router@7.12.0_react-dom@19.2._4b0bc2986cfe82d1fe6683b9011c02e4/node_modules/@react-router/dev/dist/config/defaults/entry.client.tsx
>> GET http://localhost:5173/app/root.tsx
>> GET http://localhost:5173/app/layouts/external.layout.tsx
>> GET http://localhost:5173/app/modules/external/landing/presentation/landing.page.tsx
>> GET https://fonts.googleapis.com/css2?family=Inter:ital,opsz,wght@0,14..32,100..900;1,14..32,100..900&display=swap
>> GET https://fonts.googleapis.com/css2?family=Material+Symbols+Outlined:opsz,wght,FILL,GRAD@20..48,100..700,0..1,-50..200
<< [33m200[39m http://localhost:5173/logo/tiketbisa-white.png
<< [33m200[39m http://localhost:5173/banner/KategoriEvent.svg
<< [33m200[39m http://localhost:5173/banner/Homepage.svg
<< [33m200[39m http://localhost:5173/logo/tiketbisa.png
<< [33m200[39m http://localhost:5173/node_modules/.pnpm/@react-router+dev@7.12.0_@react-router+serve@7.12.0_react-router@7.12.0_react-dom@19.2._4b0bc2986cfe82d1fe6683b9011c02e4/node_modules/@react-router/dev/dist/config/defaults/entry.client.tsx
<< [33m200[39m http://localhost:5173/app/root.tsx
<< [33m200[39m http://localhost:5173/app/modules/external/landing/presentation/landing.page.tsx
<< [33m200[39m http://localhost:5173/app/layouts/external.layout.tsx
<< [33m200[39m https://fonts.googleapis.com/css2?family=Material+Symbols+Outlined:opsz,wght,FILL,GRAD@20..48,100..700,0..1,-50..200
<< [33m200[39m https://fonts.googleapis.com/css2?family=Inter:ital,opsz,wght@0,14..32,100..900;1,14..32,100..900&display=swap
<< [33m200[39m https://ui-avatars.com/api/?name=E2E%20Brand%20mpnehvbo&background=random
<< [33m200[39m https://ui-avatars.com/api/?name=E2E%20Brand%20mpnev4rf&background=random
<< [33m200[39m https://ui-avatars.com/api/?name=E2E%20Brand%20mpnegrh2&background=random
>> GET https://fonts.gstatic.com/s/inter/v20/UcCo3FwrK3iLTcviYwYZ8UA3.woff2
>> GET https://fonts.gstatic.com/s/materialsymbolsoutlined/v341/kJEhBvYX7BgnkSrUwT8OhrdQw4oELdPIeeII9v6oFsLjBuVY.woff2
>> GET https://placehold.co/600x400/FF6D5C/white?text=Event
>> GET https://placehold.co/600x400/5C8AFF/white?text=Event
>> GET https://placehold.co/600x400/6D5CFF/white?text=Event
>> GET https://placehold.co/600x400/22C7A9/white?text=Event
>> GET http://localhost:5173/@id/__x00__virtual:react-router/inject-hmr-runtime
>> GET http://localhost:5173/@vite/client
>> GET http://localhost:5173/@id/__x00__virtual:react-router/hmr-runtime
>> GET http://localhost:5173/node_modules/.vite/deps/react-router.js?v=838ab4de
>> GET http://localhost:5173/node_modules/.vite/deps/react_jsx-dev-runtime.js?v=838ab4de
>> GET http://localhost:5173/app/app.css?t=1779851610351
>> GET http://localhost:5173/app/shared/components/index.ts
>> GET http://localhost:5173/app/modules/external/landing/presentation/hooks/use-landing-filters.ts
>> GET http://localhost:5173/app/modules/external/landing/presentation/components/partner-section.tsx
>> GET http://localhost:5173/app/modules/external/landing/presentation/components/featured-events.tsx
>> GET http://localhost:5173/app/modules/external/landing/presentation/components/upcoming-events.tsx
<< [33m200[39m http://localhost:5173/@id/__x00__virtual:react-router/inject-hmr-runtime
<< [33m200[39m http://localhost:5173/@vite/client
>> GET http://localhost:5173/node_modules/.pnpm/vite@7.3.1_@types+node@22.19.11_jiti@2.6.1_lightningcss@1.31.1/node_modules/vite/dist/client/env.mjs
<< [33m200[39m http://localhost:5173/@id/__x00__virtual:react-router/hmr-runtime
<< [33m200[39m http://localhost:5173/node_modules/.vite/deps/react-router.js?v=838ab4de
<< [33m200[39m http://localhost:5173/node_modules/.vite/deps/react_jsx-dev-runtime.js?v=838ab4de
<< [33m200[39m http://localhost:5173/app/app.css?t=1779851610351
<< [33m200[39m http://localhost:5173/app/shared/components/index.ts
<< [33m200[39m http://localhost:5173/app/modules/external/landing/presentation/hooks/use-landing-filters.ts
<< [33m200[39m http://localhost:5173/app/modules/external/landing/presentation/components/partner-section.tsx
<< [33m200[39m http://localhost:5173/app/modules/external/landing/presentation/components/featured-events.tsx
>> GET http://localhost:5173/node_modules/.vite/deps/chunk-THVF4BE6.js?v=838ab4de
>> GET http://localhost:5173/node_modules/.vite/deps/chunk-5S6VOB3E.js?v=838ab4de
<< [33m200[39m http://localhost:5173/app/modules/external/landing/presentation/components/upcoming-events.tsx
>> GET http://localhost:5173/app/shared/components/event-card/index.ts
>> GET http://localhost:5173/app/shared/components/partner-card/index.ts
>> GET http://localhost:5173/app/shared/components/brand-card/index.ts
>> GET http://localhost:5173/app/shared/components/filter-bar/index.ts
>> GET http://localhost:5173/app/shared/components/sort-dropdown/index.ts
>> GET http://localhost:5173/app/shared/components/banner-carousel/index.ts
>> GET http://localhost:5173/app/shared/components/section-header/index.ts
>> GET http://localhost:5173/app/shared/components/empty-state/index.ts
>> GET http://localhost:5173/app/shared/components/navbar-external/index.ts
>> GET http://localhost:5173/app/shared/components/navbar-internal/index.ts
>> GET http://localhost:5173/app/shared/components/navbar-admin/index.ts
>> GET http://localhost:5173/app/shared/components/checkout-navbar/index.ts
>> GET http://localhost:5173/app/shared/components/footer/index.ts
>> GET http://localhost:5173/app/shared/components/checkout-footer/index.ts
>> GET http://localhost:5173/app/shared/components/ticket-row/index.ts
>> GET http://localhost:5173/app/shared/components/sticky-price-bar/index.ts
>> GET http://localhost:5173/app/shared/components/gallery-section/index.ts
>> GET http://localhost:5173/app/modules/external/event/presentation/constants/index.ts
>> GET http://localhost:5173/app/core/design-system/components/index.ts
>> GET http://localhost:5173/node_modules/.vite/deps/react.js?v=838ab4de
<< [33m200[39m http://localhost:5173/node_modules/.pnpm/vite@7.3.1_@types+node@22.19.11_jiti@2.6.1_lightningcss@1.31.1/node_modules/vite/dist/client/env.mjs
<< [33m200[39m http://localhost:5173/app/shared/components/event-card/index.ts
>> GET http://localhost:5173/app/shared/components/event-card/event-card.tsx
<< [33m200[39m http://localhost:5173/node_modules/.vite/deps/chunk-5S6VOB3E.js?v=838ab4de
<< [33m200[39m http://localhost:5173/app/shared/components/partner-card/index.ts
>> GET http://localhost:5173/app/shared/components/partner-card/partner-card.tsx
<< [33m200[39m http://localhost:5173/app/shared/components/brand-card/index.ts
>> GET http://localhost:5173/app/shared/components/brand-card/brand-card.tsx
<< [33m200[39m http://localhost:5173/app/shared/components/filter-bar/index.ts
>> GET http://localhost:5173/app/shared/components/filter-bar/filter-bar.tsx
<< [33m200[39m http://localhost:5173/app/shared/components/sort-dropdown/index.ts
>> GET http://localhost:5173/app/shared/components/sort-dropdown/sort-dropdown.tsx
<< [33m200[39m http://localhost:5173/app/shared/components/banner-carousel/index.ts
>> GET http://localhost:5173/app/shared/components/banner-carousel/banner-carousel.tsx
<< [33m200[39m http://localhost:5173/app/shared/components/section-header/index.ts
>> GET http://localhost:5173/app/shared/components/section-header/section-header.tsx
<< [33m200[39m http://localhost:5173/node_modules/.vite/deps/chunk-THVF4BE6.js?v=838ab4de
<< [33m200[39m http://localhost:5173/app/shared/components/empty-state/index.ts
<< [33m200[39m http://localhost:5173/app/shared/components/navbar-external/index.ts
<< [33m200[39m http://localhost:5173/app/shared/components/navbar-internal/index.ts
<< [33m200[39m http://localhost:5173/app/shared/components/checkout-navbar/index.ts
<< [33m200[39m http://localhost:5173/app/shared/components/navbar-admin/index.ts
<< [33m200[39m http://localhost:5173/app/shared/components/footer/index.ts
>> GET http://localhost:5173/app/shared/components/empty-state/empty-state.tsx
>> GET http://localhost:5173/app/shared/components/navbar-external/navbar-external.tsx
>> GET http://localhost:5173/app/shared/components/navbar-internal/navbar-internal.tsx
>> GET http://localhost:5173/app/shared/components/checkout-navbar/checkout-navbar.tsx
>> GET http://localhost:5173/app/shared/components/navbar-admin/navbar-admin.tsx
>> GET http://localhost:5173/app/shared/components/footer/footer.tsx
<< [33m200[39m http://localhost:5173/app/shared/components/checkout-footer/index.ts
<< [33m200[39m http://localhost:5173/app/shared/components/ticket-row/index.ts
<< [33m200[39m http://localhost:5173/app/shared/components/sticky-price-bar/index.ts
>> GET http://localhost:5173/app/shared/components/checkout-footer/checkout-footer.tsx
<< [33m200[39m http://localhost:5173/app/shared/components/gallery-section/index.ts
>> GET http://localhost:5173/app/shared/components/ticket-row/ticket-row.tsx
>> GET http://localhost:5173/app/shared/components/sticky-price-bar/sticky-price-bar.tsx
>> GET http://localhost:5173/app/shared/components/gallery-section/gallery-section.tsx
<< [33m200[39m http://localhost:5173/app/modules/external/event/presentation/constants/index.ts
>> GET http://localhost:5173/app/modules/external/event/presentation/constants/event-filters.ts
<< [33m200[39m http://localhost:5173/node_modules/.vite/deps/react.js?v=838ab4de
<< [33m200[39m http://localhost:5173/app/core/design-system/components/index.ts
>> GET http://localhost:5173/app/core/design-system/components/button/index.ts
>> GET http://localhost:5173/app/core/design-system/components/input/index.ts
>> GET http://localhost:5173/app/core/design-system/components/search-input/index.ts
>> GET http://localhost:5173/app/core/design-system/components/select/index.ts
>> GET http://localhost:5173/app/core/design-system/components/badge/index.ts
>> GET http://localhost:5173/app/core/design-system/components/card/index.ts
>> GET http://localhost:5173/app/core/design-system/components/avatar/index.ts
>> GET http://localhost:5173/app/core/design-system/components/tabs/index.ts
>> GET http://localhost:5173/app/core/design-system/components/pagination/index.ts
>> GET http://localhost:5173/app/core/design-system/components/counter/index.ts
>> GET http://localhost:5173/app/core/design-system/components/category-chip/index.ts
>> GET http://localhost:5173/app/core/design-system/components/social-links/index.ts
<< [33m200[39m http://localhost:5173/app/shared/components/event-card/event-card.tsx
>> GET http://localhost:5173/app/core/utils/index.ts
<< [33m200[39m http://localhost:5173/app/shared/components/partner-card/partner-card.tsx
<< [33m200[39m http://localhost:5173/app/shared/components/brand-card/brand-card.tsx
<< [33m200[39m http://localhost:5173/app/shared/components/filter-bar/filter-bar.tsx
<< [33m200[39m https://placehold.co/600x400/FF6D5C/white?text=Event
<< [33m200[39m https://placehold.co/600x400/6D5CFF/white?text=Event
<< [33m200[39m https://placehold.co/600x400/5C8AFF/white?text=Event
<< [33m200[39m https://placehold.co/600x400/22C7A9/white?text=Event
<< [33m200[39m http://localhost:5173/app/shared/components/sort-dropdown/sort-dropdown.tsx
<< [33m200[39m http://localhost:5173/app/shared/components/banner-carousel/banner-carousel.tsx
<< [33m200[39m http://localhost:5173/app/shared/components/section-header/section-header.tsx
<< [33m200[39m http://localhost:5173/app/shared/components/navbar-external/navbar-external.tsx
<< [33m200[39m http://localhost:5173/app/shared/components/empty-state/empty-state.tsx
<< [33m200[39m http://localhost:5173/app/shared/components/navbar-internal/navbar-internal.tsx
>> GET http://localhost:5173/app/shared/components/banner-carousel/hooks/use-carousel.ts
<< [33m200[39m http://localhost:5173/app/shared/components/checkout-navbar/checkout-navbar.tsx
<< [33m200[39m http://localhost:5173/app/shared/components/navbar-admin/navbar-admin.tsx
<< [33m200[39m http://localhost:5173/app/shared/components/footer/footer.tsx
<< [33m200[39m http://localhost:5173/app/shared/components/checkout-footer/checkout-footer.tsx
<< [33m200[39m http://localhost:5173/app/shared/components/ticket-row/ticket-row.tsx
<< [33m200[39m http://localhost:5173/app/shared/components/sticky-price-bar/sticky-price-bar.tsx
<< [33m200[39m http://localhost:5173/app/shared/components/gallery-section/gallery-section.tsx
<< [33m200[39m http://localhost:5173/app/modules/external/event/presentation/constants/event-filters.ts
<< [33m200[39m http://localhost:5173/app/core/design-system/components/button/index.ts
>> GET http://localhost:5173/app/core/design-system/components/button/button.tsx
<< [33m200[39m http://localhost:5173/app/core/design-system/components/input/index.ts
>> GET http://localhost:5173/app/core/design-system/components/input/input.tsx
<< [33m200[39m http://localhost:5173/app/core/design-system/components/search-input/index.ts
>> GET http://localhost:5173/app/core/design-system/components/search-input/search-input.tsx
<< [33m200[39m http://localhost:5173/app/core/design-system/components/card/index.ts
>> GET http://localhost:5173/app/core/design-system/components/card/card.tsx
<< [33m200[39m http://localhost:5173/app/core/design-system/components/avatar/index.ts
>> GET http://localhost:5173/app/core/design-system/components/avatar/avatar.tsx
<< [33m200[39m http://localhost:5173/app/core/design-system/components/select/index.ts
>> GET http://localhost:5173/app/core/design-system/components/select/select.tsx
<< [33m200[39m http://localhost:5173/app/core/design-system/components/badge/index.ts
>> GET http://localhost:5173/app/core/design-system/components/badge/badge.tsx
<< [33m200[39m http://localhost:5173/app/core/design-system/components/tabs/index.ts
>> GET http://localhost:5173/app/core/design-system/components/tabs/tabs.tsx
<< [33m200[39m http://localhost:5173/app/core/design-system/components/pagination/index.ts
>> GET http://localhost:5173/app/core/design-system/components/pagination/pagination.tsx
<< [33m200[39m http://localhost:5173/app/core/design-system/components/counter/index.ts
>> GET http://localhost:5173/app/core/design-system/components/counter/counter.tsx
<< [33m200[39m http://localhost:5173/app/core/design-system/components/category-chip/index.ts
>> GET http://localhost:5173/app/core/design-system/components/category-chip/category-chip.tsx
<< [33m200[39m http://localhost:5173/app/core/design-system/components/social-links/index.ts
>> GET http://localhost:5173/app/core/design-system/components/social-links/social-links.tsx
<< [33m200[39m http://localhost:5173/app/core/utils/index.ts
>> GET http://localhost:5173/app/core/utils/currency.ts
<< [33m200[39m http://localhost:5173/app/shared/components/banner-carousel/hooks/use-carousel.ts
>> GET http://localhost:5173/app/shared/components/banner-carousel/utils/doubly-linked-list.ts
<< [33m200[39m http://localhost:5173/app/core/design-system/components/input/input.tsx
<< [33m200[39m http://localhost:5173/app/core/design-system/components/search-input/search-input.tsx
<< [33m200[39m http://localhost:5173/app/core/design-system/components/card/card.tsx
<< [33m200[39m http://localhost:5173/app/core/design-system/components/avatar/avatar.tsx
<< [33m200[39m http://localhost:5173/app/core/design-system/components/select/select.tsx
<< [33m200[39m http://localhost:5173/app/core/design-system/components/badge/badge.tsx
<< [33m200[39m http://localhost:5173/app/core/design-system/components/button/button.tsx
<< [33m200[39m http://localhost:5173/app/core/design-system/components/tabs/tabs.tsx
<< [33m200[39m http://localhost:5173/app/core/design-system/components/pagination/pagination.tsx
<< [33m200[39m http://localhost:5173/app/core/design-system/components/counter/counter.tsx
<< [33m200[39m http://localhost:5173/app/core/utils/currency.ts
<< [33m200[39m http://localhost:5173/app/shared/components/banner-carousel/utils/doubly-linked-list.ts
<< [33m200[39m http://localhost:5173/app/core/design-system/components/category-chip/category-chip.tsx
<< [33m200[39m http://localhost:5173/app/core/design-system/components/social-links/social-links.tsx
>> GET http://localhost:5173/node_modules/.vite/deps/react-dom_client.js?v=838ab4de
>> GET http://localhost:5173/node_modules/.vite/deps/react-router_dom.js?v=838ab4de
<< [33m200[39m http://localhost:5173/node_modules/.vite/deps/react-router_dom.js?v=838ab4de
>> GET http://localhost:5173/node_modules/.vite/deps/chunk-N5AUN7JR.js?v=838ab4de
<< [33m200[39m http://localhost:5173/node_modules/.vite/deps/chunk-N5AUN7JR.js?v=838ab4de
<< [33m200[39m http://localhost:5173/node_modules/.vite/deps/react-dom_client.js?v=838ab4de
<< [33m200[39m https://fonts.gstatic.com/s/inter/v20/UcCo3FwrK3iLTcviYwYZ8UA3.woff2
>> GET http://localhost:5173/__manifest?paths=%2F%2C%2Fbrand%2C%2Fbrand%2F4b6c11fd-54f8-43b9-b8d0-be2f401a6b22%2C%2Fbrand%2F6beb3862-031c-4ca9-b646-5432e8a1b83c%2C%2Fbrand%2Fffd1751f-cbd8-44c2-8f0e-30567f175b46%2C%2Fbrand%2Fseed-brand-alpha%2C%2Fbrand%2Fseed-brand-beta%2C%2Fevent%2C%2Fevent%2F34984928-fb4b-4b49-bc2c-6d7361b0eb71%2C%2Fevent%2Fb142fb59-5b39-4746-a7c2-ebfb23ec8897%2C%2Fevent%2Fb47d9b55-971e-4ca7-b85e-2f6413cd1996%2C%2Fevent%2Fc26caf50-fded-4958-a50e-ca090fdb13b5%2C%2Fevent%2Fc7463e37-ff6d-41b4-9957-3b06c4ac6b6f%2C%2Fevent%2Fcf38ef16-bb94-40e5-a231-c3853c90f8f3%2C%2Fevent%2Fseed-event-alpha%2C%2Fevent%2Fseed-event-beta%2C%2Ffaq%2C%2Fhubungi%2C%2Finternal-tb%2C%2Ftentang&version=0.45306350761330094
<< [33m200[39m http://localhost:5173/__manifest?paths=%2F%2C%2Fbrand%2C%2Fbrand%2F4b6c11fd-54f8-43b9-b8d0-be2f401a6b22%2C%2Fbrand%2F6beb3862-031c-4ca9-b646-5432e8a1b83c%2C%2Fbrand%2Fffd1751f-cbd8-44c2-8f0e-30567f175b46%2C%2Fbrand%2Fseed-brand-alpha%2C%2Fbrand%2Fseed-brand-beta%2C%2Fevent%2C%2Fevent%2F34984928-fb4b-4b49-bc2c-6d7361b0eb71%2C%2Fevent%2Fb142fb59-5b39-4746-a7c2-ebfb23ec8897%2C%2Fevent%2Fb47d9b55-971e-4ca7-b85e-2f6413cd1996%2C%2Fevent%2Fc26caf50-fded-4958-a50e-ca090fdb13b5%2C%2Fevent%2Fc7463e37-ff6d-41b4-9957-3b06c4ac6b6f%2C%2Fevent%2Fcf38ef16-bb94-40e5-a231-c3853c90f8f3%2C%2Fevent%2Fseed-event-alpha%2C%2Fevent%2Fseed-event-beta%2C%2Ffaq%2C%2Fhubungi%2C%2Finternal-tb%2C%2Ftentang&version=0.45306350761330094
<< [33m200[39m https://fonts.gstatic.com/s/materialsymbolsoutlined/v341/kJEhBvYX7BgnkSrUwT8OhrdQw4oELdPIeeII9v6oFsLjBuVY.woff2
>> GET http://localhost:5173/brand?limit=100
<< [33m200[39m http://localhost:5173/brand?limit=100
>> GET http://localhost:5173/logo/tiketbisa-white.png
>> GET http://localhost:5173/logo/tiketbisa.png
>> GET https://ui-avatars.com/api/?name=E2E%20Brand%20mpnegrh2&background=random
<< [33m200[39m https://ui-avatars.com/api/?name=E2E%20Brand%20mpnegrh2&background=random
>> GET https://ui-avatars.com/api/?name=E2E%20Brand%20mpnehvbo&background=random
<< [33m200[39m https://ui-avatars.com/api/?name=E2E%20Brand%20mpnehvbo&background=random
>> GET https://ui-avatars.com/api/?name=E2E%20Brand%20mpnev4rf&background=random
<< [33m200[39m https://ui-avatars.com/api/?name=E2E%20Brand%20mpnev4rf&background=random
>> GET https://ui-avatars.com/api/?name=E2E%20Brand%20mpnexcv1&background=random
>> GET https://ui-avatars.com/api/?name=E2E%20Brand%20mpnexya0&background=random
>> GET https://ui-avatars.com/api/?name=E2E%20Brand%20mpneyxxf&background=random
>> GET https://ui-avatars.com/api/?name=E2E%20Brand%20mpnf0u0j&background=random
>> GET https://ui-avatars.com/api/?name=E2E%20Brand%20mpnf1sr0&background=random
>> GET https://ui-avatars.com/api/?name=E2E%20Brand%20mpnf2poz&background=random
>> GET https://ui-avatars.com/api/?name=E2E%20Brand%20mpnhbjgo&background=random
>> GET https://ui-avatars.com/api/?name=E2E%20Brand%20mpnhfq63&background=random
>> GET https://ui-avatars.com/api/?name=E2E%20Brand%20mpnhldx9&background=random
>> GET https://ui-avatars.com/api/?name=E2E%20Brand%20mpnhm0nw&background=random
>> GET https://ui-avatars.com/api/?name=E2E%20Brand%20mpnhp6e7&background=random
>> GET http://localhost:5173/node_modules/.pnpm/@react-router+dev@7.12.0_@react-router+serve@7.12.0_react-router@7.12.0_react-dom@19.2._4b0bc2986cfe82d1fe6683b9011c02e4/node_modules/@react-router/dev/dist/config/defaults/entry.client.tsx
>> GET http://localhost:5173/app/root.tsx
>> GET http://localhost:5173/app/layouts/external.layout.tsx
>> GET http://localhost:5173/app/modules/external/brand/presentation/brand.page.tsx
>> GET https://fonts.googleapis.com/css2?family=Inter:ital,opsz,wght@0,14..32,100..900;1,14..32,100..900&display=swap
<< [33m200[39m https://fonts.googleapis.com/css2?family=Inter:ital,opsz,wght@0,14..32,100..900;1,14..32,100..900&display=swap
>> GET https://fonts.googleapis.com/css2?family=Material+Symbols+Outlined:opsz,wght,FILL,GRAD@20..48,100..700,0..1,-50..200
<< [33m200[39m https://fonts.googleapis.com/css2?family=Material+Symbols+Outlined:opsz,wght,FILL,GRAD@20..48,100..700,0..1,-50..200
<< [33m304[39m http://localhost:5173/logo/tiketbisa-white.png
<< [33m304[39m http://localhost:5173/logo/tiketbisa.png
<< [33m304[39m http://localhost:5173/node_modules/.pnpm/@react-router+dev@7.12.0_@react-router+serve@7.12.0_react-router@7.12.0_react-dom@19.2._4b0bc2986cfe82d1fe6683b9011c02e4/node_modules/@react-router/dev/dist/config/defaults/entry.client.tsx
<< [33m304[39m http://localhost:5173/app/root.tsx
<< [33m304[39m http://localhost:5173/app/layouts/external.layout.tsx
<< [33m200[39m http://localhost:5173/app/modules/external/brand/presentation/brand.page.tsx
>> GET http://localhost:5173/@id/__x00__virtual:react-router/inject-hmr-runtime
>> GET https://fonts.gstatic.com/s/inter/v20/UcCo3FwrK3iLTcviYwYZ8UA3.woff2
<< [33m200[39m https://fonts.gstatic.com/s/inter/v20/UcCo3FwrK3iLTcviYwYZ8UA3.woff2
>> GET https://fonts.gstatic.com/s/materialsymbolsoutlined/v341/kJEhBvYX7BgnkSrUwT8OhrdQw4oELdPIeeII9v6oFsLjBuVY.woff2
<< [33m200[39m https://fonts.gstatic.com/s/materialsymbolsoutlined/v341/kJEhBvYX7BgnkSrUwT8OhrdQw4oELdPIeeII9v6oFsLjBuVY.woff2
>> GET http://localhost:5173/@vite/client
>> GET http://localhost:5173/@id/__x00__virtual:react-router/hmr-runtime
>> GET http://localhost:5173/node_modules/.vite/deps/react-router.js?v=838ab4de
<< [33m200[39m http://localhost:5173/node_modules/.vite/deps/react-router.js?v=838ab4de
>> GET http://localhost:5173/node_modules/.vite/deps/react_jsx-dev-runtime.js?v=838ab4de
<< [33m200[39m http://localhost:5173/node_modules/.vite/deps/react_jsx-dev-runtime.js?v=838ab4de
>> GET http://localhost:5173/app/app.css?t=1779851610351
>> GET http://localhost:5173/app/shared/components/index.ts
>> GET http://localhost:5173/app/shared/hooks/use-brand.ts
>> GET http://localhost:5173/app/modules/external/brand/presentation/components/brand-filters.tsx
>> GET http://localhost:5173/app/modules/external/brand/presentation/components/brand-grid.tsx
>> GET http://localhost:5173/app/modules/external/brand/presentation/components/brand-pagination.tsx
<< [33m304[39m http://localhost:5173/@id/__x00__virtual:react-router/inject-hmr-runtime
>> GET http://localhost:5173/node_modules/.vite/deps/chunk-THVF4BE6.js?v=838ab4de
<< [33m200[39m http://localhost:5173/node_modules/.vite/deps/chunk-THVF4BE6.js?v=838ab4de
>> GET http://localhost:5173/node_modules/.vite/deps/chunk-5S6VOB3E.js?v=838ab4de
<< [33m200[39m http://localhost:5173/node_modules/.vite/deps/chunk-5S6VOB3E.js?v=838ab4de
<< [33m304[39m http://localhost:5173/@vite/client
<< [33m304[39m http://localhost:5173/@id/__x00__virtual:react-router/hmr-runtime
>> GET http://localhost:5173/node_modules/.pnpm/vite@7.3.1_@types+node@22.19.11_jiti@2.6.1_lightningcss@1.31.1/node_modules/vite/dist/client/env.mjs
<< [33m200[39m http://localhost:5173/app/shared/hooks/use-brand.ts
>> GET http://localhost:5173/app/shared/constants/brand.constants.ts
<< [33m304[39m http://localhost:5173/app/app.css?t=1779851610351
<< [33m200[39m http://localhost:5173/app/modules/external/brand/presentation/components/brand-filters.tsx
>> GET http://localhost:5173/app/core/design-system/components/index.ts
<< [33m200[39m http://localhost:5173/app/modules/external/brand/presentation/components/brand-grid.tsx
<< [33m304[39m http://localhost:5173/app/shared/components/index.ts
>> GET http://localhost:5173/app/shared/components/event-card/index.ts
>> GET http://localhost:5173/app/shared/components/partner-card/index.ts
>> GET http://localhost:5173/app/shared/components/brand-card/index.ts
>> GET http://localhost:5173/app/shared/components/filter-bar/index.ts
>> GET http://localhost:5173/app/shared/components/sort-dropdown/index.ts
>> GET http://localhost:5173/app/shared/components/banner-carousel/index.ts
>> GET http://localhost:5173/app/shared/components/section-header/index.ts
>> GET http://localhost:5173/app/shared/components/empty-state/index.ts
>> GET http://localhost:5173/app/shared/components/navbar-external/index.ts
>> GET http://localhost:5173/app/shared/components/navbar-internal/index.ts
>> GET http://localhost:5173/app/shared/components/navbar-admin/index.ts
>> GET http://localhost:5173/app/shared/components/checkout-navbar/index.ts
>> GET http://localhost:5173/app/shared/components/footer/index.ts
>> GET http://localhost:5173/app/shared/components/checkout-footer/index.ts
>> GET http://localhost:5173/app/shared/components/ticket-row/index.ts
>> GET http://localhost:5173/app/shared/components/sticky-price-bar/index.ts
>> GET http://localhost:5173/app/shared/components/gallery-section/index.ts
<< [33m304[39m http://localhost:5173/node_modules/.pnpm/vite@7.3.1_@types+node@22.19.11_jiti@2.6.1_lightningcss@1.31.1/node_modules/vite/dist/client/env.mjs
<< [33m200[39m http://localhost:5173/app/shared/constants/brand.constants.ts
<< [33m304[39m http://localhost:5173/app/core/design-system/components/index.ts
>> GET http://localhost:5173/app/core/design-system/components/button/index.ts
>> GET http://localhost:5173/app/core/design-system/components/input/index.ts
>> GET http://localhost:5173/app/core/design-system/components/search-input/index.ts
>> GET http://localhost:5173/app/core/design-system/components/select/index.ts
>> GET http://localhost:5173/app/core/design-system/components/badge/index.ts
>> GET http://localhost:5173/app/core/design-system/components/card/index.ts
>> GET http://localhost:5173/app/core/design-system/components/avatar/index.ts
>> GET http://localhost:5173/app/core/design-system/components/tabs/index.ts
>> GET http://localhost:5173/app/core/design-system/components/pagination/index.ts
>> GET http://localhost:5173/app/core/design-system/components/counter/index.ts
>> GET http://localhost:5173/app/core/design-system/components/category-chip/index.ts
>> GET http://localhost:5173/app/core/design-system/components/social-links/index.ts
<< [33m304[39m http://localhost:5173/app/shared/components/event-card/index.ts
>> GET http://localhost:5173/app/shared/components/event-card/event-card.tsx
<< [33m304[39m http://localhost:5173/app/shared/components/partner-card/index.ts
>> GET http://localhost:5173/app/shared/components/partner-card/partner-card.tsx
<< [33m304[39m http://localhost:5173/app/shared/components/brand-card/index.ts
>> GET http://localhost:5173/app/shared/components/brand-card/brand-card.tsx
<< [33m304[39m http://localhost:5173/app/shared/components/filter-bar/index.ts
>> GET http://localhost:5173/app/shared/components/filter-bar/filter-bar.tsx
<< [33m304[39m http://localhost:5173/app/shared/components/sort-dropdown/index.ts
>> GET http://localhost:5173/app/shared/components/sort-dropdown/sort-dropdown.tsx
<< [33m200[39m http://localhost:5173/app/modules/external/brand/presentation/components/brand-pagination.tsx
<< [33m304[39m http://localhost:5173/app/shared/components/banner-carousel/index.ts
>> GET http://localhost:5173/app/shared/components/banner-carousel/banner-carousel.tsx
<< [33m304[39m http://localhost:5173/app/shared/components/section-header/index.ts
>> GET http://localhost:5173/app/shared/components/section-header/section-header.tsx
<< [33m304[39m http://localhost:5173/app/shared/components/empty-state/index.ts
>> GET http://localhost:5173/app/shared/components/empty-state/empty-state.tsx
<< [33m304[39m http://localhost:5173/app/shared/components/navbar-external/index.ts
>> GET http://localhost:5173/app/shared/components/navbar-external/navbar-external.tsx
<< [33m304[39m http://localhost:5173/app/shared/components/navbar-internal/index.ts
>> GET http://localhost:5173/app/shared/components/navbar-internal/navbar-internal.tsx
<< [33m304[39m http://localhost:5173/app/shared/components/navbar-admin/index.ts
>> GET http://localhost:5173/app/shared/components/navbar-admin/navbar-admin.tsx
<< [33m304[39m http://localhost:5173/app/shared/components/checkout-navbar/index.ts
>> GET http://localhost:5173/app/shared/components/checkout-navbar/checkout-navbar.tsx
<< [33m304[39m http://localhost:5173/app/shared/components/footer/index.ts
>> GET http://localhost:5173/app/shared/components/footer/footer.tsx
<< [33m304[39m http://localhost:5173/app/shared/components/checkout-footer/index.ts
>> GET http://localhost:5173/app/shared/components/checkout-footer/checkout-footer.tsx
<< [33m304[39m http://localhost:5173/app/shared/components/ticket-row/index.ts
>> GET http://localhost:5173/app/shared/components/ticket-row/ticket-row.tsx
<< [33m304[39m http://localhost:5173/app/shared/components/sticky-price-bar/index.ts
>> GET http://localhost:5173/app/shared/components/sticky-price-bar/sticky-price-bar.tsx
<< [33m304[39m http://localhost:5173/app/shared/components/gallery-section/index.ts
<< [33m304[39m http://localhost:5173/app/core/design-system/components/button/index.ts
<< [33m304[39m http://localhost:5173/app/core/design-system/components/input/index.ts
<< [33m304[39m http://localhost:5173/app/core/design-system/components/search-input/index.ts
<< [33m304[39m http://localhost:5173/app/core/design-system/components/select/index.ts
<< [33m304[39m http://localhost:5173/app/core/design-system/components/badge/index.ts
<< [33m304[39m http://localhost:5173/app/core/design-system/components/card/index.ts
<< [33m304[39m http://localhost:5173/app/core/design-system/components/avatar/index.ts
<< [33m304[39m http://localhost:5173/app/core/design-system/components/tabs/index.ts
<< [33m304[39m http://localhost:5173/app/core/design-system/components/pagination/index.ts
<< [33m304[39m http://localhost:5173/app/core/design-system/components/counter/index.ts
<< [33m304[39m http://localhost:5173/app/core/design-system/components/social-links/index.ts
<< [33m304[39m http://localhost:5173/app/core/design-system/components/category-chip/index.ts
<< [33m304[39m http://localhost:5173/app/shared/components/event-card/event-card.tsx
<< [33m304[39m http://localhost:5173/app/shared/components/partner-card/partner-card.tsx
<< [33m304[39m http://localhost:5173/app/shared/components/brand-card/brand-card.tsx
<< [33m304[39m http://localhost:5173/app/shared/components/section-header/section-header.tsx
<< [33m304[39m http://localhost:5173/app/shared/components/empty-state/empty-state.tsx
<< [33m304[39m http://localhost:5173/app/shared/components/filter-bar/filter-bar.tsx
<< [33m304[39m http://localhost:5173/app/shared/components/sort-dropdown/sort-dropdown.tsx
<< [33m304[39m http://localhost:5173/app/shared/components/banner-carousel/banner-carousel.tsx
<< [33m304[39m http://localhost:5173/app/shared/components/navbar-external/navbar-external.tsx
<< [33m304[39m http://localhost:5173/app/shared/components/navbar-internal/navbar-internal.tsx
>> GET http://localhost:5173/app/shared/components/gallery-section/gallery-section.tsx
<< [33m200[39m https://ui-avatars.com/api/?name=E2E%20Brand%20mpnexya0&background=random
>> GET http://localhost:5173/app/core/design-system/components/button/button.tsx
>> GET http://localhost:5173/app/core/design-system/components/input/input.tsx
<< [33m200[39m https://ui-avatars.com/api/?name=E2E%20Brand%20mpneyxxf&background=random
<< [33m200[39m https://ui-avatars.com/api/?name=E2E%20Brand%20mpnexcv1&background=random
>> GET http://localhost:5173/app/core/design-system/components/search-input/search-input.tsx
>> GET http://localhost:5173/app/core/design-system/components/select/select.tsx
<< [33m200[39m https://ui-avatars.com/api/?name=E2E%20Brand%20mpnf0u0j&background=random
>> GET http://localhost:5173/app/core/design-system/components/badge/badge.tsx
>> GET http://localhost:5173/app/core/design-system/components/card/card.tsx
>> GET http://localhost:5173/app/core/design-system/components/avatar/avatar.tsx
>> GET http://localhost:5173/app/core/design-system/components/tabs/tabs.tsx
>> GET http://localhost:5173/app/core/design-system/components/pagination/pagination.tsx
>> GET http://localhost:5173/app/core/design-system/components/counter/counter.tsx
>> GET http://localhost:5173/app/core/design-system/components/social-links/social-links.tsx
>> GET http://localhost:5173/app/core/design-system/components/category-chip/category-chip.tsx
<< [33m200[39m https://ui-avatars.com/api/?name=E2E%20Brand%20mpnhfq63&background=random
<< [33m200[39m https://ui-avatars.com/api/?name=E2E%20Brand%20mpnf2poz&background=random
<< [33m200[39m https://ui-avatars.com/api/?name=E2E%20Brand%20mpnf1sr0&background=random
<< [33m200[39m https://ui-avatars.com/api/?name=E2E%20Brand%20mpnhbjgo&background=random
<< [33m200[39m https://ui-avatars.com/api/?name=E2E%20Brand%20mpnhldx9&background=random
>> GET http://localhost:5173/app/core/utils/index.ts
>> GET http://localhost:5173/node_modules/.vite/deps/react.js?v=838ab4de
<< [33m200[39m http://localhost:5173/node_modules/.vite/deps/react.js?v=838ab4de
>> GET http://localhost:5173/app/shared/components/banner-carousel/hooks/use-carousel.ts
<< [33m304[39m http://localhost:5173/app/shared/components/navbar-admin/navbar-admin.tsx
<< [33m304[39m http://localhost:5173/app/shared/components/checkout-navbar/checkout-navbar.tsx
<< [33m304[39m http://localhost:5173/app/shared/components/sticky-price-bar/sticky-price-bar.tsx
<< [33m304[39m http://localhost:5173/app/shared/components/footer/footer.tsx
<< [33m304[39m http://localhost:5173/app/shared/components/checkout-footer/checkout-footer.tsx
<< [33m304[39m http://localhost:5173/app/shared/components/ticket-row/ticket-row.tsx
<< [33m304[39m http://localhost:5173/app/shared/components/gallery-section/gallery-section.tsx
<< [33m304[39m http://localhost:5173/app/core/design-system/components/button/button.tsx
<< [33m304[39m http://localhost:5173/app/core/design-system/components/input/input.tsx
<< [33m304[39m http://localhost:5173/app/core/design-system/components/search-input/search-input.tsx
<< [33m304[39m http://localhost:5173/app/core/design-system/components/select/select.tsx
<< [33m304[39m http://localhost:5173/app/core/design-system/components/badge/badge.tsx
<< [33m304[39m http://localhost:5173/app/core/design-system/components/card/card.tsx
<< [33m304[39m http://localhost:5173/app/core/design-system/components/avatar/avatar.tsx
<< [33m304[39m http://localhost:5173/app/core/design-system/components/tabs/tabs.tsx
<< [33m304[39m http://localhost:5173/app/core/utils/index.ts
>> GET http://localhost:5173/app/core/utils/currency.ts
<< [33m304[39m http://localhost:5173/app/core/design-system/components/pagination/pagination.tsx
<< [33m304[39m http://localhost:5173/app/core/design-system/components/counter/counter.tsx
<< [33m304[39m http://localhost:5173/app/core/design-system/components/social-links/social-links.tsx
<< [33m304[39m http://localhost:5173/app/core/design-system/components/category-chip/category-chip.tsx
<< [33m304[39m http://localhost:5173/app/core/utils/currency.ts
<< [33m304[39m http://localhost:5173/app/shared/components/banner-carousel/hooks/use-carousel.ts
>> GET http://localhost:5173/app/shared/components/banner-carousel/utils/doubly-linked-list.ts
<< [33m304[39m http://localhost:5173/app/shared/components/banner-carousel/utils/doubly-linked-list.ts
>> GET http://localhost:5173/node_modules/.vite/deps/react-dom_client.js?v=838ab4de
<< [33m200[39m http://localhost:5173/node_modules/.vite/deps/react-dom_client.js?v=838ab4de
>> GET http://localhost:5173/node_modules/.vite/deps/react-router_dom.js?v=838ab4de
<< [33m200[39m http://localhost:5173/node_modules/.vite/deps/react-router_dom.js?v=838ab4de
>> GET http://localhost:5173/node_modules/.vite/deps/chunk-N5AUN7JR.js?v=838ab4de
<< [33m200[39m http://localhost:5173/node_modules/.vite/deps/chunk-N5AUN7JR.js?v=838ab4de
>> GET http://localhost:5173/__manifest?paths=%2F%2C%2Fbrand%2C%2Fevent%2C%2Ffaq%2C%2Fhubungi%2C%2Finternal-tb%2C%2Ftentang&version=0.45306350761330094
<< [33m200[39m http://localhost:5173/__manifest?paths=%2F%2C%2Fbrand%2C%2Fevent%2C%2Ffaq%2C%2Fhubungi%2C%2Finternal-tb%2C%2Ftentang&version=0.45306350761330094
<< [33m200[39m https://ui-avatars.com/api/?name=E2E%20Brand%20mpnhm0nw&background=random
<< [33m200[39m https://ui-avatars.com/api/?name=E2E%20Brand%20mpnhp6e7&background=random
>> GET http://localhost:5173/__manifest?paths=%2Fbrand%2F71c32b8d-ddcd-4428-bebc-eebcafbf367a&version=0.45306350761330094
<< [33m200[39m http://localhost:5173/__manifest?paths=%2Fbrand%2F71c32b8d-ddcd-4428-bebc-eebcafbf367a&version=0.45306350761330094
>> GET http://localhost:5173/app/modules/external/brand/presentation/brand-detail.page.tsx?import
>> GET http://localhost:5173/brand/71c32b8d-ddcd-4428-bebc-eebcafbf367a.data
<< [33m200[39m http://localhost:5173/app/modules/external/brand/presentation/brand-detail.page.tsx?import
>> GET http://localhost:5173/app/modules/external/brand/presentation/components/brand-detail-header.tsx
>> GET http://localhost:5173/app/modules/external/brand/presentation/components/brand-detail-events.tsx
<< [33m200[39m http://localhost:5173/app/modules/external/brand/presentation/components/brand-detail-header.tsx
<< [33m200[39m http://localhost:5173/app/modules/external/brand/presentation/components/brand-detail-events.tsx
<< [33m200[39m http://localhost:5173/brand/71c32b8d-ddcd-4428-bebc-eebcafbf367a.data
>> GET https://picsum.photos/seed/71c32b8d-ddcd-4428-bebc-eebcafbf367a/1200/400
>> GET https://placehold.co/600x400/FF6D5C/white?text=Event
>> GET https://placehold.co/600x400/5C8AFF/white?text=Event
>> GET https://placehold.co/600x400/6D5CFF/white?text=Event
>> GET https://placehold.co/600x400/22C7A9/white?text=Event
<< [33m200[39m https://placehold.co/600x400/FF6D5C/white?text=Event
<< [33m200[39m https://placehold.co/600x400/5C8AFF/white?text=Event
<< [33m200[39m https://placehold.co/600x400/6D5CFF/white?text=Event
<< [33m200[39m https://placehold.co/600x400/22C7A9/white?text=Event
>> GET http://localhost:5173/event?q=E2E%20Event%20mpnhp6e7
>> GET http://localhost:5173/__manifest?paths=%2Fevent%2F34984928-fb4b-4b49-bc2c-6d7361b0eb71%2C%2Fevent%2F431007bf-0fa0-44d5-b46d-f71f6f5585cc%2C%2Fevent%2F755c602d-0318-407f-9102-4492d2efad2c%2C%2Fevent%2Fb142fb59-5b39-4746-a7c2-ebfb23ec8897%2C%2Fevent%2Fb47d9b55-971e-4ca7-b85e-2f6413cd1996%2C%2Fevent%2Fc26caf50-fded-4958-a50e-ca090fdb13b5%2C%2Fevent%2Fc7463e37-ff6d-41b4-9957-3b06c4ac6b6f%2C%2Fevent%2Fcc60a709-bb79-4bd4-9018-254d9df0b170%2C%2Fevent%2Fcf38ef16-bb94-40e5-a231-c3853c90f8f3%2C%2Fevent%2Fdce873f1-9ea5-4474-adf5-0ab4bde3d7a1%2C%2Fevent%2Fseed-event-alpha%2C%2Fevent%2Fseed-event-beta&version=0.45306350761330094
<< [33m200[39m http://localhost:5173/__manifest?paths=%2Fevent%2F34984928-fb4b-4b49-bc2c-6d7361b0eb71%2C%2Fevent%2F431007bf-0fa0-44d5-b46d-f71f6f5585cc%2C%2Fevent%2F755c602d-0318-407f-9102-4492d2efad2c%2C%2Fevent%2Fb142fb59-5b39-4746-a7c2-ebfb23ec8897%2C%2Fevent%2Fb47d9b55-971e-4ca7-b85e-2f6413cd1996%2C%2Fevent%2Fc26caf50-fded-4958-a50e-ca090fdb13b5%2C%2Fevent%2Fc7463e37-ff6d-41b4-9957-3b06c4ac6b6f%2C%2Fevent%2Fcc60a709-bb79-4bd4-9018-254d9df0b170%2C%2Fevent%2Fcf38ef16-bb94-40e5-a231-c3853c90f8f3%2C%2Fevent%2Fdce873f1-9ea5-4474-adf5-0ab4bde3d7a1%2C%2Fevent%2Fseed-event-alpha%2C%2Fevent%2Fseed-event-beta&version=0.45306350761330094
<< [33m200[39m http://localhost:5173/event?q=E2E%20Event%20mpnhp6e7
>> GET http://localhost:5173/logo/tiketbisa-white.png
>> GET http://localhost:5173/node_modules/.pnpm/@react-router+dev@7.12.0_@react-router+serve@7.12.0_react-router@7.12.0_react-dom@19.2._4b0bc2986cfe82d1fe6683b9011c02e4/node_modules/@react-router/dev/dist/config/defaults/entry.client.tsx
>> GET http://localhost:5173/app/root.tsx
>> GET http://localhost:5173/app/layouts/external.layout.tsx
>> GET http://localhost:5173/app/modules/external/event/presentation/event.page.tsx
>> GET https://fonts.googleapis.com/css2?family=Inter:ital,opsz,wght@0,14..32,100..900;1,14..32,100..900&display=swap
<< [33m200[39m https://fonts.googleapis.com/css2?family=Inter:ital,opsz,wght@0,14..32,100..900;1,14..32,100..900&display=swap
>> GET https://fonts.googleapis.com/css2?family=Material+Symbols+Outlined:opsz,wght,FILL,GRAD@20..48,100..700,0..1,-50..200
<< [33m200[39m https://fonts.googleapis.com/css2?family=Material+Symbols+Outlined:opsz,wght,FILL,GRAD@20..48,100..700,0..1,-50..200
>> GET https://placehold.co/600x400/6D5CFF/white?text=Event
<< [33m200[39m https://placehold.co/600x400/6D5CFF/white?text=Event
<< [33m304[39m http://localhost:5173/logo/tiketbisa-white.png
<< [33m200[39m http://localhost:5173/node_modules/.pnpm/@react-router+dev@7.12.0_@react-router+serve@7.12.0_react-router@7.12.0_react-dom@19.2._4b0bc2986cfe82d1fe6683b9011c02e4/node_modules/@react-router/dev/dist/config/defaults/entry.client.tsx
<< [33m200[39m http://localhost:5173/app/modules/external/event/presentation/event.page.tsx
<< [33m200[39m http://localhost:5173/app/root.tsx
<< [33m200[39m http://localhost:5173/app/layouts/external.layout.tsx
>> GET http://localhost:5173/@id/__x00__virtual:react-router/inject-hmr-runtime
>> GET https://fonts.gstatic.com/s/inter/v20/UcCo3FwrK3iLTcviYwYZ8UA3.woff2
<< [33m200[39m https://fonts.gstatic.com/s/inter/v20/UcCo3FwrK3iLTcviYwYZ8UA3.woff2
>> GET https://fonts.gstatic.com/s/materialsymbolsoutlined/v341/kJEhBvYX7BgnkSrUwT8OhrdQw4oELdPIeeII9v6oFsLjBuVY.woff2
<< [33m200[39m https://fonts.gstatic.com/s/materialsymbolsoutlined/v341/kJEhBvYX7BgnkSrUwT8OhrdQw4oELdPIeeII9v6oFsLjBuVY.woff2
>> GET http://localhost:5173/@vite/client
>> GET http://localhost:5173/@id/__x00__virtual:react-router/hmr-runtime
>> GET http://localhost:5173/node_modules/.vite/deps/react-router.js?v=838ab4de
<< [33m200[39m http://localhost:5173/node_modules/.vite/deps/react-router.js?v=838ab4de
>> GET http://localhost:5173/node_modules/.vite/deps/react_jsx-dev-runtime.js?v=838ab4de
<< [33m200[39m http://localhost:5173/node_modules/.vite/deps/react_jsx-dev-runtime.js?v=838ab4de
>> GET http://localhost:5173/app/app.css?t=1779851610351
>> GET http://localhost:5173/app/shared/components/index.ts
>> GET http://localhost:5173/app/core/design-system/components/index.ts
>> GET http://localhost:5173/app/modules/external/event/presentation/constants/index.ts
<< [33m200[39m http://localhost:5173/@id/__x00__virtual:react-router/inject-hmr-runtime
>> GET http://localhost:5173/node_modules/.vite/deps/chunk-THVF4BE6.js?v=838ab4de
<< [33m200[39m http://localhost:5173/node_modules/.vite/deps/chunk-THVF4BE6.js?v=838ab4de
>> GET http://localhost:5173/node_modules/.vite/deps/chunk-5S6VOB3E.js?v=838ab4de
<< [33m200[39m http://localhost:5173/node_modules/.vite/deps/chunk-5S6VOB3E.js?v=838ab4de
<< [33m200[39m http://localhost:5173/@id/__x00__virtual:react-router/hmr-runtime
<< [33m200[39m http://localhost:5173/@vite/client
<< [33m200[39m http://localhost:5173/app/shared/components/index.ts
<< [33m200[39m http://localhost:5173/app/app.css?t=1779851610351
<< [33m200[39m http://localhost:5173/app/modules/external/event/presentation/constants/index.ts
<< [33m200[39m http://localhost:5173/app/core/design-system/components/index.ts
>> GET http://localhost:5173/node_modules/.pnpm/vite@7.3.1_@types+node@22.19.11_jiti@2.6.1_lightningcss@1.31.1/node_modules/vite/dist/client/env.mjs
>> GET http://localhost:5173/app/shared/components/event-card/index.ts
>> GET http://localhost:5173/app/shared/components/partner-card/index.ts
>> GET http://localhost:5173/app/shared/components/brand-card/index.ts
>> GET http://localhost:5173/app/shared/components/filter-bar/index.ts
>> GET http://localhost:5173/app/shared/components/sort-dropdown/index.ts
>> GET http://localhost:5173/app/shared/components/banner-carousel/index.ts
>> GET http://localhost:5173/app/shared/components/section-header/index.ts
>> GET http://localhost:5173/app/shared/components/empty-state/index.ts
>> GET http://localhost:5173/app/shared/components/navbar-external/index.ts
>> GET http://localhost:5173/app/shared/components/navbar-internal/index.ts
>> GET http://localhost:5173/app/shared/components/navbar-admin/index.ts
>> GET http://localhost:5173/app/shared/components/checkout-navbar/index.ts
>> GET http://localhost:5173/app/shared/components/footer/index.ts
>> GET http://localhost:5173/app/shared/components/checkout-footer/index.ts
>> GET http://localhost:5173/app/shared/components/ticket-row/index.ts
>> GET http://localhost:5173/app/shared/components/sticky-price-bar/index.ts
>> GET http://localhost:5173/app/shared/components/gallery-section/index.ts
>> GET http://localhost:5173/app/modules/external/event/presentation/constants/event-filters.ts
>> GET http://localhost:5173/app/core/design-system/components/button/index.ts
>> GET http://localhost:5173/app/core/design-system/components/input/index.ts
>> GET http://localhost:5173/app/core/design-system/components/search-input/index.ts
>> GET http://localhost:5173/app/core/design-system/components/select/index.ts
>> GET http://localhost:5173/app/core/design-system/components/badge/index.ts
>> GET http://localhost:5173/app/core/design-system/components/card/index.ts
>> GET http://localhost:5173/app/core/design-system/components/avatar/index.ts
>> GET http://localhost:5173/app/core/design-system/components/tabs/index.ts
>> GET http://localhost:5173/app/core/design-system/components/pagination/index.ts
>> GET http://localhost:5173/app/core/design-system/components/counter/index.ts
>> GET http://localhost:5173/app/core/design-system/components/category-chip/index.ts
>> GET http://localhost:5173/app/core/design-system/components/social-links/index.ts
<< [33m200[39m http://localhost:5173/node_modules/.pnpm/vite@7.3.1_@types+node@22.19.11_jiti@2.6.1_lightningcss@1.31.1/node_modules/vite/dist/client/env.mjs
<< [33m200[39m http://localhost:5173/app/shared/components/event-card/index.ts
>> GET http://localhost:5173/app/shared/components/event-card/event-card.tsx
<< [33m200[39m http://localhost:5173/app/shared/components/partner-card/index.ts
>> GET http://localhost:5173/app/shared/components/partner-card/partner-card.tsx
<< [33m200[39m http://localhost:5173/app/shared/components/brand-card/index.ts
<< [33m200[39m http://localhost:5173/app/shared/components/filter-bar/index.ts
<< [33m200[39m http://localhost:5173/app/shared/components/sort-dropdown/index.ts
>> GET http://localhost:5173/app/shared/components/brand-card/brand-card.tsx
>> GET http://localhost:5173/app/shared/components/filter-bar/filter-bar.tsx
>> GET http://localhost:5173/app/shared/components/sort-dropdown/sort-dropdown.tsx
<< [33m200[39m http://localhost:5173/app/shared/components/banner-carousel/index.ts
>> GET http://localhost:5173/app/shared/components/banner-carousel/banner-carousel.tsx
<< [33m200[39m http://localhost:5173/app/shared/components/section-header/index.ts
<< [33m200[39m http://localhost:5173/app/shared/components/empty-state/index.ts
<< [33m200[39m http://localhost:5173/app/shared/components/navbar-internal/index.ts
<< [33m200[39m http://localhost:5173/app/shared/components/navbar-admin/index.ts
<< [33m200[39m http://localhost:5173/app/shared/components/checkout-navbar/index.ts
<< [33m200[39m http://localhost:5173/app/shared/components/navbar-external/index.ts
<< [33m200[39m http://localhost:5173/app/shared/components/footer/index.ts
<< [33m200[39m http://localhost:5173/app/shared/components/checkout-footer/index.ts
<< [33m200[39m http://localhost:5173/app/shared/components/ticket-row/index.ts
<< [33m200[39m http://localhost:5173/app/shared/components/sticky-price-bar/index.ts
<< [33m200[39m http://localhost:5173/app/shared/components/gallery-section/index.ts
<< [33m200[39m http://localhost:5173/app/modules/external/event/presentation/constants/event-filters.ts
<< [33m200[39m http://localhost:5173/app/core/design-system/components/button/index.ts
<< [33m200[39m http://localhost:5173/app/core/design-system/components/input/index.ts
<< [33m200[39m http://localhost:5173/app/core/design-system/components/search-input/index.ts
<< [33m200[39m http://localhost:5173/app/core/design-system/components/select/index.ts
<< [33m200[39m http://localhost:5173/app/core/design-system/components/card/index.ts
<< [33m200[39m http://localhost:5173/app/core/design-system/components/badge/index.ts
<< [33m200[39m http://localhost:5173/app/core/design-system/components/avatar/index.ts
<< [33m200[39m http://localhost:5173/app/core/design-system/components/tabs/index.ts
<< [33m200[39m http://localhost:5173/app/core/design-system/components/counter/index.ts
<< [33m200[39m http://localhost:5173/app/core/design-system/components/pagination/index.ts
<< [33m200[39m http://localhost:5173/app/core/design-system/components/category-chip/index.ts
<< [33m200[39m http://localhost:5173/app/core/design-system/components/social-links/index.ts
<< [33m200[39m http://localhost:5173/app/shared/components/event-card/event-card.tsx
<< [33m200[39m http://localhost:5173/app/shared/components/partner-card/partner-card.tsx
<< [33m200[39m http://localhost:5173/app/shared/components/brand-card/brand-card.tsx
<< [33m200[39m http://localhost:5173/app/shared/components/sort-dropdown/sort-dropdown.tsx
<< [33m200[39m http://localhost:5173/app/shared/components/filter-bar/filter-bar.tsx
<< [33m200[39m http://localhost:5173/app/shared/components/banner-carousel/banner-carousel.tsx
>> GET http://localhost:5173/app/shared/components/section-header/section-header.tsx
>> GET http://localhost:5173/app/shared/components/empty-state/empty-state.tsx
>> GET http://localhost:5173/app/shared/components/navbar-internal/navbar-internal.tsx
>> GET http://localhost:5173/app/shared/components/navbar-admin/navbar-admin.tsx
>> GET http://localhost:5173/app/shared/components/checkout-navbar/checkout-navbar.tsx
>> GET http://localhost:5173/app/shared/components/navbar-external/navbar-external.tsx
>> GET http://localhost:5173/app/shared/components/footer/footer.tsx
>> GET http://localhost:5173/app/shared/components/checkout-footer/checkout-footer.tsx
>> GET http://localhost:5173/app/shared/components/ticket-row/ticket-row.tsx
>> GET http://localhost:5173/app/shared/components/sticky-price-bar/sticky-price-bar.tsx
>> GET http://localhost:5173/app/shared/components/gallery-section/gallery-section.tsx
>> GET http://localhost:5173/app/core/design-system/components/button/button.tsx
>> GET http://localhost:5173/app/core/design-system/components/input/input.tsx
>> GET http://localhost:5173/app/core/design-system/components/search-input/search-input.tsx
>> GET http://localhost:5173/app/core/design-system/components/select/select.tsx
>> GET http://localhost:5173/app/core/design-system/components/card/card.tsx
>> GET http://localhost:5173/app/core/design-system/components/badge/badge.tsx
>> GET http://localhost:5173/app/core/design-system/components/avatar/avatar.tsx
>> GET http://localhost:5173/app/core/design-system/components/tabs/tabs.tsx
>> GET http://localhost:5173/app/core/design-system/components/counter/counter.tsx
>> GET http://localhost:5173/app/core/design-system/components/pagination/pagination.tsx
>> GET http://localhost:5173/app/core/design-system/components/category-chip/category-chip.tsx
>> GET http://localhost:5173/app/core/design-system/components/social-links/social-links.tsx
>> GET http://localhost:5173/app/core/utils/index.ts
>> GET http://localhost:5173/node_modules/.vite/deps/react.js?v=838ab4de
<< [33m200[39m http://localhost:5173/node_modules/.vite/deps/react.js?v=838ab4de
>> GET http://localhost:5173/app/shared/components/banner-carousel/hooks/use-carousel.ts
<< [33m200[39m http://localhost:5173/app/shared/components/section-header/section-header.tsx
<< [33m200[39m http://localhost:5173/app/shared/components/empty-state/empty-state.tsx
<< [33m200[39m http://localhost:5173/app/shared/components/navbar-internal/navbar-internal.tsx
<< [33m200[39m http://localhost:5173/app/shared/components/navbar-admin/navbar-admin.tsx
<< [33m200[39m http://localhost:5173/app/shared/components/footer/footer.tsx
<< [33m200[39m http://localhost:5173/app/shared/components/checkout-navbar/checkout-navbar.tsx
<< [33m200[39m http://localhost:5173/app/shared/components/navbar-external/navbar-external.tsx
<< [33m200[39m http://localhost:5173/app/shared/components/checkout-footer/checkout-footer.tsx
<< [33m200[39m http://localhost:5173/app/shared/components/ticket-row/ticket-row.tsx
<< [33m200[39m http://localhost:5173/app/shared/components/sticky-price-bar/sticky-price-bar.tsx
<< [33m200[39m http://localhost:5173/app/shared/components/gallery-section/gallery-section.tsx
<< [33m200[39m http://localhost:5173/app/core/design-system/components/button/button.tsx
<< [33m200[39m http://localhost:5173/app/core/design-system/components/input/input.tsx
<< [33m200[39m http://localhost:5173/app/core/design-system/components/search-input/search-input.tsx
<< [33m200[39m http://localhost:5173/app/core/design-system/components/select/select.tsx
<< [33m200[39m http://localhost:5173/app/core/design-system/components/card/card.tsx
<< [33m200[39m http://localhost:5173/app/core/design-system/components/badge/badge.tsx
<< [33m200[39m http://localhost:5173/app/core/design-system/components/avatar/avatar.tsx
<< [33m200[39m http://localhost:5173/app/core/design-system/components/tabs/tabs.tsx
<< [33m200[39m http://localhost:5173/app/core/design-system/components/counter/counter.tsx
<< [33m200[39m http://localhost:5173/app/core/design-system/components/pagination/pagination.tsx
<< [33m200[39m http://localhost:5173/app/core/utils/index.ts
>> GET http://localhost:5173/app/core/utils/currency.ts
<< [33m200[39m http://localhost:5173/app/core/design-system/components/social-links/social-links.tsx
<< [33m200[39m http://localhost:5173/app/shared/components/banner-carousel/hooks/use-carousel.ts
<< [33m200[39m http://localhost:5173/app/core/design-system/components/category-chip/category-chip.tsx
>> GET http://localhost:5173/app/shared/components/banner-carousel/utils/doubly-linked-list.ts
<< [33m200[39m http://localhost:5173/app/core/utils/currency.ts
<< [33m200[39m http://localhost:5173/app/shared/components/banner-carousel/utils/doubly-linked-list.ts
>> GET http://localhost:5173/node_modules/.vite/deps/react-dom_client.js?v=838ab4de
<< [33m200[39m http://localhost:5173/node_modules/.vite/deps/react-dom_client.js?v=838ab4de
>> GET http://localhost:5173/node_modules/.vite/deps/react-router_dom.js?v=838ab4de
<< [33m200[39m http://localhost:5173/node_modules/.vite/deps/react-router_dom.js?v=838ab4de
>> GET http://localhost:5173/node_modules/.vite/deps/chunk-N5AUN7JR.js?v=838ab4de
<< [33m200[39m http://localhost:5173/node_modules/.vite/deps/chunk-N5AUN7JR.js?v=838ab4de
>> GET http://localhost:5173/__manifest?paths=%2F%2C%2Fbrand%2C%2Fevent%2C%2Fevent%2F7ab2e4ef-376a-40d9-a97c-cc5776ba93c4%2C%2Ffaq%2C%2Fhubungi%2C%2Finternal-tb%2C%2Ftentang&version=0.45306350761330094
<< [33m200[39m http://localhost:5173/__manifest?paths=%2F%2C%2Fbrand%2C%2Fevent%2C%2Fevent%2F7ab2e4ef-376a-40d9-a97c-cc5776ba93c4%2C%2Ffaq%2C%2Fhubungi%2C%2Finternal-tb%2C%2Ftentang&version=0.45306350761330094
>> GET http://localhost:5173/app/modules/external/event/presentation/event-detail.page.tsx?import
>> GET http://localhost:5173/event/7ab2e4ef-376a-40d9-a97c-cc5776ba93c4.data
<< [33m200[39m http://localhost:5173/app/modules/external/event/presentation/event-detail.page.tsx?import
>> GET http://localhost:5173/app/shared/hooks/use-ticket-selection.ts
>> GET http://localhost:5173/app/modules/external/event/presentation/components/event-detail-header.tsx
>> GET http://localhost:5173/app/modules/external/event/presentation/components/event-detail-sidebar.tsx
>> GET http://localhost:5173/app/modules/external/event/presentation/components/event-detail-tabs.tsx
<< [33m200[39m http://localhost:5173/event/7ab2e4ef-376a-40d9-a97c-cc5776ba93c4.data
<< [33m200[39m http://localhost:5173/app/shared/hooks/use-ticket-selection.ts
<< [33m200[39m http://localhost:5173/app/modules/external/event/presentation/components/event-detail-header.tsx
<< [33m200[39m http://localhost:5173/app/modules/external/event/presentation/components/event-detail-sidebar.tsx
<< [33m200[39m http://localhost:5173/app/modules/external/event/presentation/components/event-detail-tabs.tsx
>> GET http://localhost:5173/event/7ab2e4ef-376a-40d9-a97c-cc5776ba93c4.data?tab=tiket
>> GET http://localhost:5173/__manifest?paths=%2Fbrand%2F71c32b8d-ddcd-4428-bebc-eebcafbf367a&version=0.45306350761330094
<< [33m200[39m http://localhost:5173/__manifest?paths=%2Fbrand%2F71c32b8d-ddcd-4428-bebc-eebcafbf367a&version=0.45306350761330094
<< [33m200[39m http://localhost:5173/event/7ab2e4ef-376a-40d9-a97c-cc5776ba93c4.data?tab=tiket
>> GET http://localhost:5173/checkout/7ab2e4ef-376a-40d9-a97c-cc5776ba93c4?step=1&t%5B3d45e45e-2d47-4a47-9515-aabf2fdc0d73%5D=1
<< [33m200[39m http://localhost:5173/checkout/7ab2e4ef-376a-40d9-a97c-cc5776ba93c4?step=1&t%5B3d45e45e-2d47-4a47-9515-aabf2fdc0d73%5D=1
>> GET http://localhost:5173/logo/tiketbisa-white.png
>> GET http://localhost:5173/node_modules/.pnpm/@react-router+dev@7.12.0_@react-router+serve@7.12.0_react-router@7.12.0_react-dom@19.2._4b0bc2986cfe82d1fe6683b9011c02e4/node_modules/@react-router/dev/dist/config/defaults/entry.client.tsx
>> GET http://localhost:5173/app/root.tsx
>> GET http://localhost:5173/app/layouts/checkout.layout.tsx
>> GET http://localhost:5173/app/modules/external/checkout/presentation/checkout.page.tsx
>> GET https://fonts.googleapis.com/css2?family=Inter:ital,opsz,wght@0,14..32,100..900;1,14..32,100..900&display=swap
<< [33m200[39m https://fonts.googleapis.com/css2?family=Inter:ital,opsz,wght@0,14..32,100..900;1,14..32,100..900&display=swap
>> GET https://fonts.googleapis.com/css2?family=Material+Symbols+Outlined:opsz,wght,FILL,GRAD@20..48,100..700,0..1,-50..200
<< [33m200[39m https://fonts.googleapis.com/css2?family=Material+Symbols+Outlined:opsz,wght,FILL,GRAD@20..48,100..700,0..1,-50..200
<< [33m304[39m http://localhost:5173/logo/tiketbisa-white.png
<< [33m304[39m http://localhost:5173/node_modules/.pnpm/@react-router+dev@7.12.0_@react-router+serve@7.12.0_react-router@7.12.0_react-dom@19.2._4b0bc2986cfe82d1fe6683b9011c02e4/node_modules/@react-router/dev/dist/config/defaults/entry.client.tsx
<< [33m304[39m http://localhost:5173/app/root.tsx
<< [33m200[39m http://localhost:5173/app/layouts/checkout.layout.tsx
<< [33m200[39m http://localhost:5173/app/modules/external/checkout/presentation/checkout.page.tsx
>> GET https://fonts.gstatic.com/s/inter/v20/UcCo3FwrK3iLTcviYwYZ8UA3.woff2
<< [33m200[39m https://fonts.gstatic.com/s/inter/v20/UcCo3FwrK3iLTcviYwYZ8UA3.woff2
>> GET https://fonts.gstatic.com/s/materialsymbolsoutlined/v341/kJEhBvYX7BgnkSrUwT8OhrdQw4oELdPIeeII9v6oFsLjBuVY.woff2
<< [33m200[39m https://fonts.gstatic.com/s/materialsymbolsoutlined/v341/kJEhBvYX7BgnkSrUwT8OhrdQw4oELdPIeeII9v6oFsLjBuVY.woff2
>> GET http://localhost:5173/@id/__x00__virtual:react-router/inject-hmr-runtime
>> GET http://localhost:5173/@vite/client
>> GET http://localhost:5173/@id/__x00__virtual:react-router/hmr-runtime
>> GET http://localhost:5173/node_modules/.vite/deps/react-router.js?v=838ab4de
<< [33m200[39m http://localhost:5173/node_modules/.vite/deps/react-router.js?v=838ab4de
>> GET http://localhost:5173/node_modules/.vite/deps/react_jsx-dev-runtime.js?v=838ab4de
<< [33m200[39m http://localhost:5173/node_modules/.vite/deps/react_jsx-dev-runtime.js?v=838ab4de
>> GET http://localhost:5173/app/app.css?t=1779851610351
>> GET http://localhost:5173/app/shared/components/index.ts
>> GET http://localhost:5173/node_modules/.vite/deps/react.js?v=838ab4de
<< [33m200[39m http://localhost:5173/node_modules/.vite/deps/react.js?v=838ab4de
>> GET http://localhost:5173/app/core/design-system/components/index.ts
>> GET http://localhost:5173/app/modules/external/checkout/presentation/components/index.ts?t=1779850949035
>> GET http://localhost:5173/app/modules/external/checkout/presentation/hooks/use-order-summary.ts
>> GET http://localhost:5173/app/modules/external/checkout/presentation/hooks/use-checkout-form.ts
>> GET http://localhost:5173/app/modules/external/checkout/presentation/hooks/use-checkout-steps.ts
<< [33m304[39m http://localhost:5173/@id/__x00__virtual:react-router/inject-hmr-runtime
>> GET http://localhost:5173/node_modules/.vite/deps/chunk-THVF4BE6.js?v=838ab4de
<< [33m200[39m http://localhost:5173/node_modules/.vite/deps/chunk-THVF4BE6.js?v=838ab4de
>> GET http://localhost:5173/node_modules/.vite/deps/chunk-5S6VOB3E.js?v=838ab4de
<< [33m200[39m http://localhost:5173/node_modules/.vite/deps/chunk-5S6VOB3E.js?v=838ab4de
<< [33m304[39m http://localhost:5173/@vite/client
>> GET http://localhost:5173/node_modules/.pnpm/vite@7.3.1_@types+node@22.19.11_jiti@2.6.1_lightningcss@1.31.1/node_modules/vite/dist/client/env.mjs
<< [33m304[39m http://localhost:5173/@id/__x00__virtual:react-router/hmr-runtime
<< [33m304[39m http://localhost:5173/app/app.css?t=1779851610351
<< [33m200[39m http://localhost:5173/app/modules/external/checkout/presentation/components/index.ts?t=1779850949035
>> GET http://localhost:5173/app/modules/external/checkout/presentation/components/layout/checkout-sidebar.tsx
>> GET http://localhost:5173/app/modules/external/checkout/presentation/components/layout/checkout-sticky-bar.tsx
>> GET http://localhost:5173/app/modules/external/checkout/presentation/components/layout/event-info-header.tsx
>> GET http://localhost:5173/app/modules/external/checkout/presentation/components/shared/checkout-form-field.tsx
>> GET http://localhost:5173/app/modules/external/checkout/presentation/components/shared/countdown-timer.tsx
>> GET http://localhost:5173/app/modules/external/checkout/presentation/components/shared/order-summary-card.tsx
>> GET http://localhost:5173/app/modules/external/checkout/presentation/components/shared/payment-extras.tsx
>> GET http://localhost:5173/app/modules/external/checkout/presentation/components/shared/checkout-extras.tsx
>> GET http://localhost:5173/app/modules/external/checkout/presentation/components/steps/checkout-coming-soon.tsx
>> GET http://localhost:5173/app/modules/external/checkout/presentation/components/steps/order-confirmation.tsx
>> GET http://localhost:5173/app/modules/external/checkout/presentation/components/steps/order-details-form.tsx?t=1779850949035
>> GET http://localhost:5173/app/modules/external/checkout/presentation/components/steps/payment-instruction.tsx
>> GET http://localhost:5173/app/modules/external/checkout/presentation/components/steps/payment-method-selection.tsx
>> GET http://localhost:5173/app/modules/external/checkout/presentation/components/steps/order-success.tsx
>> GET http://localhost:5173/app/modules/external/checkout/presentation/components/steps/manual-transfer-pending.tsx
<< [33m304[39m http://localhost:5173/app/shared/components/index.ts
<< [33m200[39m http://localhost:5173/app/modules/external/checkout/presentation/hooks/use-order-summary.ts
>> GET http://localhost:5173/app/shared/components/event-card/index.ts
>> GET http://localhost:5173/app/shared/components/partner-card/index.ts
>> GET http://localhost:5173/app/shared/components/brand-card/index.ts
>> GET http://localhost:5173/app/shared/components/filter-bar/index.ts
>> GET http://localhost:5173/app/shared/components/sort-dropdown/index.ts
>> GET http://localhost:5173/app/shared/components/banner-carousel/index.ts
>> GET http://localhost:5173/app/shared/components/section-header/index.ts
>> GET http://localhost:5173/app/shared/components/empty-state/index.ts
>> GET http://localhost:5173/app/shared/components/navbar-external/index.ts
>> GET http://localhost:5173/app/shared/components/navbar-internal/index.ts
>> GET http://localhost:5173/app/shared/components/navbar-admin/index.ts
>> GET http://localhost:5173/app/shared/components/checkout-navbar/index.ts
>> GET http://localhost:5173/app/shared/components/footer/index.ts
>> GET http://localhost:5173/app/shared/components/checkout-footer/index.ts
>> GET http://localhost:5173/app/shared/components/ticket-row/index.ts
>> GET http://localhost:5173/app/shared/components/sticky-price-bar/index.ts
>> GET http://localhost:5173/app/shared/components/gallery-section/index.ts
<< [33m304[39m http://localhost:5173/app/core/design-system/components/index.ts
>> GET http://localhost:5173/app/core/design-system/components/button/index.ts
>> GET http://localhost:5173/app/core/design-system/components/input/index.ts
>> GET http://localhost:5173/app/core/design-system/components/search-input/index.ts
>> GET http://localhost:5173/app/core/design-system/components/select/index.ts
>> GET http://localhost:5173/app/core/design-system/components/badge/index.ts
>> GET http://localhost:5173/app/core/design-system/components/card/index.ts
>> GET http://localhost:5173/app/core/design-system/components/avatar/index.ts
>> GET http://localhost:5173/app/core/design-system/components/tabs/index.ts
>> GET http://localhost:5173/app/core/design-system/components/pagination/index.ts
>> GET http://localhost:5173/app/core/design-system/components/counter/index.ts
>> GET http://localhost:5173/app/core/design-system/components/category-chip/index.ts
>> GET http://localhost:5173/app/core/design-system/components/social-links/index.ts
<< [33m304[39m http://localhost:5173/node_modules/.pnpm/vite@7.3.1_@types+node@22.19.11_jiti@2.6.1_lightningcss@1.31.1/node_modules/vite/dist/client/env.mjs
<< [33m200[39m http://localhost:5173/app/modules/external/checkout/presentation/hooks/use-checkout-form.ts
<< [33m200[39m http://localhost:5173/app/modules/external/checkout/presentation/hooks/use-checkout-steps.ts
>> GET http://localhost:5173/app/modules/external/checkout/infrastructure/order.api.ts
>> GET http://localhost:5173/app/modules/external/checkout/presentation/hooks/use-order-confirmation.ts
>> GET http://localhost:5173/app/modules/external/checkout/presentation/hooks/use-payment-selection.ts
<< [33m200[39m http://localhost:5173/app/modules/external/checkout/presentation/components/layout/checkout-sidebar.tsx
<< [33m200[39m http://localhost:5173/app/modules/external/checkout/presentation/components/layout/checkout-sticky-bar.tsx
>> GET http://localhost:5173/app/core/utils/currency.ts
<< [33m200[39m http://localhost:5173/app/modules/external/checkout/presentation/components/layout/event-info-header.tsx
<< [33m200[39m http://localhost:5173/app/modules/external/checkout/presentation/components/shared/checkout-form-field.tsx
<< [33m200[39m http://localhost:5173/app/modules/external/checkout/presentation/components/shared/countdown-timer.tsx
<< [33m200[39m http://localhost:5173/app/modules/external/checkout/presentation/components/shared/order-summary-card.tsx
<< [33m200[39m http://localhost:5173/app/modules/external/checkout/presentation/components/shared/payment-extras.tsx
<< [33m200[39m http://localhost:5173/app/modules/external/checkout/presentation/components/shared/checkout-extras.tsx
<< [33m200[39m http://localhost:5173/app/modules/external/checkout/presentation/components/steps/checkout-coming-soon.tsx
<< [33m200[39m http://localhost:5173/app/modules/external/checkout/presentation/components/steps/order-confirmation.tsx
<< [33m200[39m http://localhost:5173/app/modules/external/checkout/presentation/components/steps/payment-instruction.tsx
<< [33m200[39m http://localhost:5173/app/modules/external/checkout/presentation/components/steps/payment-method-selection.tsx
<< [33m200[39m http://localhost:5173/app/modules/external/checkout/presentation/components/steps/order-success.tsx
<< [33m304[39m http://localhost:5173/app/shared/components/partner-card/index.ts
>> GET http://localhost:5173/app/shared/components/partner-card/partner-card.tsx
<< [33m304[39m http://localhost:5173/app/shared/components/brand-card/index.ts
>> GET http://localhost:5173/app/shared/components/brand-card/brand-card.tsx
<< [33m304[39m http://localhost:5173/app/shared/components/event-card/index.ts
>> GET http://localhost:5173/app/shared/components/event-card/event-card.tsx
<< [33m200[39m http://localhost:5173/app/modules/external/checkout/presentation/components/steps/order-details-form.tsx?t=1779850949035
<< [33m200[39m http://localhost:5173/app/modules/external/checkout/presentation/components/steps/manual-transfer-pending.tsx
<< [33m304[39m http://localhost:5173/app/shared/components/sort-dropdown/index.ts
>> GET http://localhost:5173/app/shared/components/sort-dropdown/sort-dropdown.tsx
<< [33m304[39m http://localhost:5173/app/shared/components/banner-carousel/index.ts
>> GET http://localhost:5173/app/shared/components/banner-carousel/banner-carousel.tsx
<< [33m304[39m http://localhost:5173/app/shared/components/navbar-external/index.ts
>> GET http://localhost:5173/app/shared/components/navbar-external/navbar-external.tsx
<< [33m304[39m http://localhost:5173/app/shared/components/section-header/index.ts
>> GET http://localhost:5173/app/shared/components/section-header/section-header.tsx
<< [33m304[39m http://localhost:5173/app/shared/components/filter-bar/index.ts
>> GET http://localhost:5173/app/shared/components/filter-bar/filter-bar.tsx
<< [33m304[39m http://localhost:5173/app/shared/components/empty-state/index.ts
>> GET http://localhost:5173/app/shared/components/empty-state/empty-state.tsx
<< [33m304[39m http://localhost:5173/app/shared/components/navbar-internal/index.ts
>> GET http://localhost:5173/app/shared/components/navbar-internal/navbar-internal.tsx
<< [33m304[39m http://localhost:5173/app/shared/components/navbar-admin/index.ts
>> GET http://localhost:5173/app/shared/components/navbar-admin/navbar-admin.tsx
<< [33m304[39m http://localhost:5173/app/shared/components/checkout-navbar/index.ts
>> GET http://localhost:5173/app/shared/components/checkout-navbar/checkout-navbar.tsx
<< [33m304[39m http://localhost:5173/app/shared/components/footer/index.ts
>> GET http://localhost:5173/app/shared/components/footer/footer.tsx
<< [33m304[39m http://localhost:5173/app/shared/components/checkout-footer/index.ts
>> GET http://localhost:5173/app/shared/components/checkout-footer/checkout-footer.tsx
<< [33m200[39m http://localhost:5173/app/modules/external/checkout/infrastructure/order.api.ts
>> GET http://localhost:5173/app/core/api/index.ts
<< [33m304[39m http://localhost:5173/app/shared/components/ticket-row/index.ts
>> GET http://localhost:5173/app/shared/components/ticket-row/ticket-row.tsx
<< [33m200[39m http://localhost:5173/app/modules/external/checkout/presentation/hooks/use-order-confirmation.ts
<< [33m200[39m http://localhost:5173/app/modules/external/checkout/presentation/hooks/use-payment-selection.ts
<< [33m304[39m http://localhost:5173/app/shared/components/sticky-price-bar/index.ts
>> GET http://localhost:5173/app/shared/components/sticky-price-bar/sticky-price-bar.tsx
<< [33m304[39m http://localhost:5173/app/shared/components/gallery-section/index.ts
>> GET http://localhost:5173/app/shared/components/gallery-section/gallery-section.tsx
<< [33m304[39m http://localhost:5173/app/core/design-system/components/button/index.ts
>> GET http://localhost:5173/app/core/design-system/components/button/button.tsx
<< [33m304[39m http://localhost:5173/app/core/design-system/components/input/index.ts
>> GET http://localhost:5173/app/core/design-system/components/input/input.tsx
<< [33m304[39m http://localhost:5173/app/core/design-system/components/select/index.ts
>> GET http://localhost:5173/app/core/design-system/components/select/select.tsx
<< [33m304[39m http://localhost:5173/app/core/design-system/components/badge/index.ts
>> GET http://localhost:5173/app/core/design-system/components/badge/badge.tsx
<< [33m304[39m http://localhost:5173/app/core/design-system/components/search-input/index.ts
>> GET http://localhost:5173/app/core/design-system/components/search-input/search-input.tsx
<< [33m304[39m http://localhost:5173/app/core/design-system/components/card/index.ts
>> GET http://localhost:5173/app/core/design-system/components/card/card.tsx
<< [33m304[39m http://localhost:5173/app/core/design-system/components/avatar/index.ts
>> GET http://localhost:5173/app/core/design-system/components/avatar/avatar.tsx
<< [33m304[39m http://localhost:5173/app/core/design-system/components/tabs/index.ts
>> GET http://localhost:5173/app/core/design-system/components/tabs/tabs.tsx
<< [33m304[39m http://localhost:5173/app/core/design-system/components/pagination/index.ts
>> GET http://localhost:5173/app/core/design-system/components/pagination/pagination.tsx
<< [33m304[39m http://localhost:5173/app/core/design-system/components/counter/index.ts
>> GET http://localhost:5173/app/core/design-system/components/counter/counter.tsx
<< [33m304[39m http://localhost:5173/app/core/design-system/components/category-chip/index.ts
>> GET http://localhost:5173/app/core/design-system/components/category-chip/category-chip.tsx
<< [33m304[39m http://localhost:5173/app/core/design-system/components/social-links/index.ts
>> GET http://localhost:5173/app/core/design-system/components/social-links/social-links.tsx
<< [33m304[39m http://localhost:5173/app/core/utils/currency.ts
<< [33m304[39m http://localhost:5173/app/shared/components/partner-card/partner-card.tsx
<< [33m304[39m http://localhost:5173/app/shared/components/brand-card/brand-card.tsx
<< [33m304[39m http://localhost:5173/app/shared/components/event-card/event-card.tsx
>> GET http://localhost:5173/app/core/utils/index.ts
<< [33m304[39m http://localhost:5173/app/shared/components/sort-dropdown/sort-dropdown.tsx
<< [33m304[39m http://localhost:5173/app/shared/components/filter-bar/filter-bar.tsx
<< [33m304[39m http://localhost:5173/app/shared/components/banner-carousel/banner-carousel.tsx
>> GET http://localhost:5173/app/shared/components/banner-carousel/hooks/use-carousel.ts
<< [33m304[39m http://localhost:5173/app/shared/components/navbar-external/navbar-external.tsx
<< [33m304[39m http://localhost:5173/app/shared/components/section-header/section-header.tsx
<< [33m304[39m http://localhost:5173/app/shared/components/empty-state/empty-state.tsx
<< [33m304[39m http://localhost:5173/app/shared/components/navbar-internal/navbar-internal.tsx
<< [33m304[39m http://localhost:5173/app/shared/components/navbar-admin/navbar-admin.tsx
<< [33m304[39m http://localhost:5173/app/shared/components/checkout-navbar/checkout-navbar.tsx
<< [33m304[39m http://localhost:5173/app/shared/components/footer/footer.tsx
<< [33m304[39m http://localhost:5173/app/shared/components/checkout-footer/checkout-footer.tsx
<< [33m304[39m http://localhost:5173/app/shared/components/ticket-row/ticket-row.tsx
<< [33m304[39m http://localhost:5173/app/shared/components/sticky-price-bar/sticky-price-bar.tsx
<< [33m304[39m http://localhost:5173/app/shared/components/gallery-section/gallery-section.tsx
<< [33m200[39m http://localhost:5173/app/core/api/index.ts
>> GET http://localhost:5173/app/core/api/pagination.type.ts
>> GET http://localhost:5173/app/core/api/pagination-utils.ts
>> GET http://localhost:5173/app/core/api/api-url.ts
>> GET http://localhost:5173/app/core/api/api-fetch.ts
>> GET http://localhost:5173/app/core/api/http-client.ts
>> GET http://localhost:5173/app/core/api/use-api.ts
<< [33m304[39m http://localhost:5173/app/core/design-system/components/button/button.tsx
<< [33m304[39m http://localhost:5173/app/core/design-system/components/input/input.tsx
<< [33m304[39m http://localhost:5173/app/core/design-system/components/card/card.tsx
<< [33m304[39m http://localhost:5173/app/core/design-system/components/select/select.tsx
<< [33m304[39m http://localhost:5173/app/core/design-system/components/badge/badge.tsx
<< [33m304[39m http://localhost:5173/app/core/design-system/components/search-input/search-input.tsx
<< [33m304[39m http://localhost:5173/app/core/design-system/components/avatar/avatar.tsx
<< [33m304[39m http://localhost:5173/app/core/design-system/components/pagination/pagination.tsx
<< [33m304[39m http://localhost:5173/app/core/design-system/components/counter/counter.tsx
<< [33m304[39m http://localhost:5173/app/core/design-system/components/category-chip/category-chip.tsx
<< [33m304[39m http://localhost:5173/app/core/design-system/components/tabs/tabs.tsx
<< [33m304[39m http://localhost:5173/app/shared/components/banner-carousel/hooks/use-carousel.ts
<< [33m200[39m http://localhost:5173/app/core/api/pagination.type.ts
<< [33m200[39m http://localhost:5173/app/core/api/pagination-utils.ts
<< [33m304[39m http://localhost:5173/app/core/design-system/components/social-links/social-links.tsx
<< [33m304[39m http://localhost:5173/app/core/utils/index.ts
<< [33m200[39m http://localhost:5173/app/core/api/api-url.ts
>> GET http://localhost:5173/app/shared/components/banner-carousel/utils/doubly-linked-list.ts
<< [33m200[39m http://localhost:5173/app/core/api/use-api.ts
<< [33m200[39m http://localhost:5173/app/core/api/api-fetch.ts
<< [33m200[39m http://localhost:5173/app/core/api/http-client.ts
>> GET http://localhost:5173/app/core/auth/auth.constants.ts
<< [33m304[39m http://localhost:5173/app/shared/components/banner-carousel/utils/doubly-linked-list.ts
<< [33m200[39m http://localhost:5173/app/core/auth/auth.constants.ts
>> GET http://localhost:5173/node_modules/.vite/deps/react-dom_client.js?v=838ab4de
<< [33m200[39m http://localhost:5173/node_modules/.vite/deps/react-dom_client.js?v=838ab4de
>> GET http://localhost:5173/node_modules/.vite/deps/react-router_dom.js?v=838ab4de
<< [33m200[39m http://localhost:5173/node_modules/.vite/deps/react-router_dom.js?v=838ab4de
>> GET http://localhost:5173/node_modules/.vite/deps/chunk-N5AUN7JR.js?v=838ab4de
<< [33m200[39m http://localhost:5173/node_modules/.vite/deps/chunk-N5AUN7JR.js?v=838ab4de
>> POST http://localhost:8080/transaction/lock
>> GET http://localhost:5173/__manifest?paths=%2F%2C%2Fcheckout%2F7ab2e4ef-376a-40d9-a97c-cc5776ba93c4%2C%2Ffaq%2C%2Fhubungi%2C%2Finternal-tb%2C%2Ftentang&version=0.45306350761330094
<< [33m200[39m http://localhost:5173/__manifest?paths=%2F%2C%2Fcheckout%2F7ab2e4ef-376a-40d9-a97c-cc5776ba93c4%2C%2Ffaq%2C%2Fhubungi%2C%2Finternal-tb%2C%2Ftentang&version=0.45306350761330094
<< [33m200[39m http://localhost:8080/transaction/lock
>> GET http://localhost:5173/checkout/7ab2e4ef-376a-40d9-a97c-cc5776ba93c4.data?step=1&t%5B3d45e45e-2d47-4a47-9515-aabf2fdc0d73%5D=1&lockId=2fdf7627-94cb-4e14-9006-6fc78dd370a3
<< [33m200[39m http://localhost:5173/checkout/7ab2e4ef-376a-40d9-a97c-cc5776ba93c4.data?step=1&t%5B3d45e45e-2d47-4a47-9515-aabf2fdc0d73%5D=1&lockId=2fdf7627-94cb-4e14-9006-6fc78dd370a3
>> GET http://localhost:5173/checkout/7ab2e4ef-376a-40d9-a97c-cc5776ba93c4.data?step=2&t%5B3d45e45e-2d47-4a47-9515-aabf2fdc0d73%5D=1&lockId=2fdf7627-94cb-4e14-9006-6fc78dd370a3
<< [33m200[39m http://localhost:5173/checkout/7ab2e4ef-376a-40d9-a97c-cc5776ba93c4.data?step=2&t%5B3d45e45e-2d47-4a47-9515-aabf2fdc0d73%5D=1&lockId=2fdf7627-94cb-4e14-9006-6fc78dd370a3
>> GET http://localhost:5173/__manifest?paths=%2Fprivacy%2C%2Fterms&version=0.45306350761330094
<< [33m200[39m http://localhost:5173/__manifest?paths=%2Fprivacy%2C%2Fterms&version=0.45306350761330094
  ✘  1 e2e/smoke.spec.ts:14:3 › local smoke flows › public browse and checkout (2.0m)
  -  2 e2e/smoke.spec.ts:67:3 › local smoke flows › internal admin approval and partner scan


  1) e2e/smoke.spec.ts:14:3 › local smoke flows › public browse and checkout ───────────────────────

    [31mTest timeout of 120000ms exceeded.[39m

    Error: locator.check: Test timeout of 120000ms exceeded.
    Call log:
    [2m  - waiting for getByLabel(/Syarat & Ketentuan/i).first()[22m
    [2m    - locator resolved to <input type="checkbox" class="peer h-5 w-5 cursor-pointer appearance-none rounded-md border-2 border-gray-200 checked:border-brand-primary checked:bg-brand-primary transition-all"/>[22m
    [2m  - attempting click action[22m
    [2m    2 × waiting for element to be visible, enabled and stable[22m
    [2m      - element is not visible[22m
    [2m    - retrying click action[22m
    [2m    - waiting 20ms[22m
    [2m    2 × waiting for element to be visible, enabled and stable[22m
    [2m      - element is not visible[22m
    [2m    - retrying click action[22m
    [2m      - waiting 100ms[22m
    [2m    222 × waiting for element to be visible, enabled and stable[22m
    [2m        - element is not visible[22m
    [2m      - retrying click action[22m
    [2m        - waiting 500ms[22m


      47 |     console.log("HTML CONTENT STEP 2:", html);
      48 |     await page.screenshot({ path: 'test-results/before-manual-transfer.png' });
    > 49 |
         | ^
      50 |     await page.locator('button', { hasText: 'Manual Transfer' }).click();
      51 |     await page.getByLabel(/Syarat & Ketentuan/i).first().check();
      52 |     await page.getByLabel(/Kebijakan Privasi/i).first().check();
        at /Users/muhammadaldofahrezy/Documents/Developer/tiketbisa/tiketbisa-fe/e2e/smoke.spec.ts:49:58

    attachment #1: screenshot (image/png) ──────────────────────────────────────────────────────────
    test-results/smoke-local-smoke-flows-public-browse-and-checkout/test-failed-1.png
    ────────────────────────────────────────────────────────────────────────────────────────────────

    attachment #2: video (video/webm) ──────────────────────────────────────────────────────────────
    test-results/smoke-local-smoke-flows-public-browse-and-checkout/video.webm
    ────────────────────────────────────────────────────────────────────────────────────────────────

    Error Context: test-results/smoke-local-smoke-flows-public-browse-and-checkout/error-context.md

    attachment #4: trace (application/zip) ─────────────────────────────────────────────────────────
    test-results/smoke-local-smoke-flows-public-browse-and-checkout/trace.zip
    Usage:

        pnpm exec playwright show-trace test-results/smoke-local-smoke-flows-public-browse-and-checkout/trace.zip

    ────────────────────────────────────────────────────────────────────────────────────────────────

  1 failed
    e2e/smoke.spec.ts:14:3 › local smoke flows › public browse and checkout ────────────────────────
  1 did not run
